// Jest Snapshot v1, https://goo.gl/fbAQLP

exports[`Snapshot test 1`] = `
<div
  className="steps"
>
  <div
    className="feedback error"
  >
    There are errors in your proof
  </div>
  <ProofStep
    index={0}
    key="step0"
    step={
      Object {
        "ast": Object {
          "lhs": Object {
            "type": "literal",
            "value": "p",
          },
          "rhs": Object {
            "type": "literal",
            "value": "q",
          },
          "symbol": "implies",
          "type": "binary",
        },
        "dependencies": Array [],
      }
    }
  />
  <ProofStep
    index={1}
    key="step1"
    step={
      Object {
        "ast2": Object {
          "type": "literal",
          "value": "p",
        },
        "dependencies": Array [],
      }
    }
  />
  <Connect(RulePlaceholder)
    path={
      Array [
        2,
      ]
    }
    wide={true}
  />
</div>
`;
