// Jest Snapshot v1, https://goo.gl/fbAQLP

exports[`Snapshot test 1`] = `
<div
  className="steps"
>
  <div
    className="feedback error"
  >
    There are errors in your proof
  </div>
  <ProofStep
    index={0}
    key="step0"
    rule={
      Object {
        "lhs": Object {
          "type": "literal",
          "value": "p",
        },
        "rhs": Object {
          "type": "literal",
          "value": "q",
        },
        "symbol": "implies",
        "type": "binary",
      }
    }
  />
  <ProofStep
    index={1}
    key="step1"
    rule={
      Object {
        "type": "literal",
        "value": "p",
      }
    }
  />
  <Connect(RulePlaceholder)
    path={
      Array [
        2,
      ]
    }
    wide={true}
  />
</div>
`;
