// Jest Snapshot v1, https://goo.gl/fbAQLP

exports[`Snapshot test 1`] = `
<div
  className="controlList"
>
  <ControlBlock
    exprLeft={true}
    exprRight={true}
    label="Binary Rule"
    symbol="?"
    type="binary"
  />
  <ControlBlock
    exprRight={true}
    label="Unary Rule"
    symbol="?"
    type="unary"
  />
  <ControlBlock
    label="Literal"
    symbol="P"
    type="literal"
  />
  <ControlBlock
    label="True"
    symbol="⊤"
    type="true"
  />
  <ControlBlock
    label="False"
    symbol="⊥"
    type="false"
  />
  <ControlBlock
    label="For all"
    symbol="∀"
    type="universal_quantifier"
  />
  <ControlBlock
    label="Exists"
    symbol="∃"
    type="existential_quantifier"
  />
  <ControlBlock
    label="Relation"
    symbol="f(x)"
    type="relation"
  />
  <ControlBlock
    label="Variable"
    symbol="x"
    type="variable"
  />
  <ControlBlock
    label="Constant"
    symbol="A"
    type="constant"
  />
</div>
`;
