// Jest Snapshot v1, https://goo.gl/fbAQLP

exports[`Snapshot test 1`] = `
<div
  className="controls"
>
  <h1
    className="title"
  >
    iProve
  </h1>
  <div
    className="controlList"
  >
    <div
      className="drag-drop controlBlock"
      data-type="binary"
    >
      <div
        className="label"
      >
        Binary Rule
      </div>
      <div
        className="template"
      >
        <div
          className="exprPlaceholder"
        />
        <div
          className="symbolPlaceholder"
        >
          ?
        </div>
        <div
          className="exprPlaceholder"
        />
      </div>
    </div>
    <div
      className="drag-drop controlBlock"
      data-type="unary"
    >
      <div
        className="label"
      >
        Unary Rule
      </div>
      <div
        className="template"
      >
        <div
          className="symbolPlaceholder"
        >
          ?
        </div>
        <div
          className="exprPlaceholder"
        />
      </div>
    </div>
    <div
      className="drag-drop controlBlock"
      data-type="literal"
    >
      <div
        className="label"
      >
        Literal
      </div>
      <div
        className="template"
      >
        <div
          className="symbolPlaceholder"
        >
          x
        </div>
      </div>
    </div>
    <div
      className="drag-drop controlBlock"
      data-type="true"
    >
      <div
        className="label"
      >
        True
      </div>
      <div
        className="template"
      >
        <div
          className="symbolPlaceholder"
        >
          ⊤
        </div>
      </div>
    </div>
    <div
      className="drag-drop controlBlock"
      data-type="false"
    >
      <div
        className="label"
      >
        False
      </div>
      <div
        className="template"
      >
        <div
          className="symbolPlaceholder"
        >
          ⊥
        </div>
      </div>
    </div>
  </div>
</div>
`;
