// Jest Snapshot v1, https://goo.gl/fbAQLP

exports[`Qualifier Exist test mathjax 1`] = `
Array [
  "\\\\exist x (P \\\\Longrightarrow Q)",
  "P",
]
`;

exports[`Quantifier Exist test 1`] = `
"(declare-sort Type)
(declare-const P Bool)
(declare-const Q Bool)
(assert (exist ((x Type))(=> P Q)))
(assert (not P))
(check-sat)"
`;
