// Jest Snapshot v1, https://goo.gl/fbAQLP

exports[`Qualifier Exist test mathjax 1`] = `
Array [
  "\\\\exist x (x \\\\Longrightarrow p)",
  "p",
]
`;

exports[`Quantifier Exist test 1`] = `
"(declare-sort Type)
(declare-const p Bool)
(assert (exist ((x TYPE))(=> x p)))
(assert (not p))
(check-sat)"
`;
